::1 - - [13/Jul/2026 12:46:27] "GET / HTTP/1.1" 200 -
::1 - - [13/Jul/2026 13:05:03] "GET /config.json HTTP/1.1" 200 -
::1 - - [13/Jul/2026 13:06:19] "GET /config.json HTTP/1.1" 200 -
::1 - - [13/Jul/2026 13:06:25] "GET /config.json HTTP/1.1" 304 -
::1 - - [13/Jul/2026 13:14:30] "GET /config.json HTTP/1.1" 200 -
::1 - - [13/Jul/2026 13:16:26] "GET /config.json HTTP/1.1" 304 -
::1 - - [13/Jul/2026 13:20:15] "GET /config.json HTTP/1.1" 200 -
::1 - - [13/Jul/2026 13:20:18] "GET /index.html HTTP/1.1" 200 -
::1 - - [13/Jul/2026 13:20:18] "GET /style.css HTTP/1.1" 200 -
::1 - - [13/Jul/2026 13:20:18] "GET /nav.js HTTP/1.1" 200 -
::1 - - [13/Jul/2026 13:20:18] "GET /script.js HTTP/1.1" 200 -
::1 - - [13/Jul/2026 13:20:18] "GET /config.json HTTP/1.1" 200 -
::1 - - [13/Jul/2026 13:20:18] code 404, message File not found
::1 - - [13/Jul/2026 13:20:18] "GET /favicon.ico HTTP/1.1" 404 -
::1 - - [13/Jul/2026 13:20:51] "GET /config.json HTTP/1.1" 304 -
::1 - - [13/Jul/2026 13:26:56] "GET /config.json HTTP/1.1" 200 -
::1 - - [13/Jul/2026 13:26:58] "GET /index.html HTTP/1.1" 200 -
::1 - - [13/Jul/2026 13:26:58] "GET /style.css HTTP/1.1" 200 -
::1 - - [13/Jul/2026 13:26:58] "GET /nav.js HTTP/1.1" 200 -
::1 - - [13/Jul/2026 13:26:58] "GET /script.js HTTP/1.1" 200 -
::1 - - [13/Jul/2026 13:26:59] "GET /config.json HTTP/1.1" 200 -
::1 - - [13/Jul/2026 13:26:59] code 404, message File not found
::1 - - [13/Jul/2026 13:26:59] "GET /favicon.ico HTTP/1.1" 404 -
::1 - - [13/Jul/2026 13:40:57] "GET /index.html HTTP/1.1" 200 -
::1 - - [13/Jul/2026 13:40:57] "GET /style.css HTTP/1.1" 200 -
::1 - - [13/Jul/2026 13:40:57] "GET /nav.js HTTP/1.1" 200 -
::1 - - [13/Jul/2026 13:40:57] "GET /script.js HTTP/1.1" 200 -
::1 - - [13/Jul/2026 13:40:57] code 404, message File not found
::1 - - [13/Jul/2026 13:40:57] "GET /favicon.ico HTTP/1.1" 404 -
::1 - - [13/Jul/2026 13:40:57] "GET /config.json HTTP/1.1" 200 -
::1 - - [13/Jul/2026 13:50:17] "GET /upload.html HTTP/1.1" 200 -
::1 - - [13/Jul/2026 13:50:17] "GET /style.css HTTP/1.1" 200 -
::1 - - [13/Jul/2026 13:50:17] "GET /nav.js HTTP/1.1" 200 -
::1 - - [13/Jul/2026 13:50:17] "GET /shared.js HTTP/1.1" 200 -
::1 - - [13/Jul/2026 13:50:17] "GET /upload.js HTTP/1.1" 200 -
::1 - - [13/Jul/2026 13:50:17] code 404, message File not found
::1 - - [13/Jul/2026 13:50:17] "GET /favicon.ico HTTP/1.1" 404 -
::1 - - [13/Jul/2026 13:50:17] "GET /config.json HTTP/1.1" 200 -
::1 - - [13/Jul/2026 13:52:22] "GET /config.json HTTP/1.1" 304 -
::1 - - [13/Jul/2026 14:06:03] "GET /config.json HTTP/1.1" 304 -
::1 - - [13/Jul/2026 14:10:05] "GET /config.json HTTP/1.1" 304 -
::1 - - [13/Jul/2026 14:17:56] "GET /config.json HTTP/1.1" 304 -
::1 - - [13/Jul/2026 14:19:34] "GET /index.html HTTP/1.1" 200 -
::1 - - [13/Jul/2026 14:19:34] "GET /style.css HTTP/1.1" 200 -
::1 - - [13/Jul/2026 14:19:34] "GET /nav.js HTTP/1.1" 200 -
::1 - - [13/Jul/2026 14:19:34] "GET /script.js HTTP/1.1" 200 -
::1 - - [13/Jul/2026 14:19:34] "GET /config.json HTTP/1.1" 200 -
::1 - - [13/Jul/2026 14:19:34] code 404, message File not found
::1 - - [13/Jul/2026 14:19:34] "GET /favicon.ico HTTP/1.1" 404 -
::1 - - [13/Jul/2026 14:27:32] "GET /config.json HTTP/1.1" 200 -
::1 - - [13/Jul/2026 14:27:34] "GET /index.html HTTP/1.1" 200 -
::1 - - [13/Jul/2026 14:27:34] "GET /style.css HTTP/1.1" 200 -
::1 - - [13/Jul/2026 14:27:34] "GET /nav.js HTTP/1.1" 200 -
::1 - - [13/Jul/2026 14:27:34] "GET /script.js HTTP/1.1" 200 -
::1 - - [13/Jul/2026 14:27:34] "GET /config.json HTTP/1.1" 200 -
::1 - - [13/Jul/2026 14:27:34] code 404, message File not found
::1 - - [13/Jul/2026 14:27:34] "GET /favicon.ico HTTP/1.1" 404 -
::1 - - [13/Jul/2026 14:33:29] "GET /config.json HTTP/1.1" 304 -
::1 - - [13/Jul/2026 14:36:25] "GET /config.json HTTP/1.1" 304 -
::1 - - [13/Jul/2026 15:19:53] "GET /index.html HTTP/1.1" 304 -
::1 - - [13/Jul/2026 15:19:53] "GET /config.json HTTP/1.1" 304 -
::1 - - [13/Jul/2026 15:20:45] "GET /index.html HTTP/1.1" 304 -
::1 - - [13/Jul/2026 15:29:12] "GET /config.json HTTP/1.1" 304 -
::1 - - [13/Jul/2026 15:37:50] "GET /config.json HTTP/1.1" 304 -
::1 - - [13/Jul/2026 15:39:54] "GET /upload.html HTTP/1.1" 200 -
::1 - - [13/Jul/2026 15:39:54] "GET /style.css HTTP/1.1" 200 -
::1 - - [13/Jul/2026 15:39:54] "GET /nav.js HTTP/1.1" 200 -
::1 - - [13/Jul/2026 15:39:54] "GET /shared.js HTTP/1.1" 200 -
::1 - - [13/Jul/2026 15:39:54] "GET /upload.js HTTP/1.1" 200 -
::1 - - [13/Jul/2026 15:39:54] "GET /config.json HTTP/1.1" 200 -
::1 - - [13/Jul/2026 15:39:54] code 404, message File not found
::1 - - [13/Jul/2026 15:39:54] "GET /favicon.ico HTTP/1.1" 404 -
::1 - - [13/Jul/2026 15:39:56] "GET /upload.html HTTP/1.1" 200 -
::1 - - [13/Jul/2026 15:39:56] "GET /style.css HTTP/1.1" 200 -
::1 - - [13/Jul/2026 15:39:56] "GET /nav.js HTTP/1.1" 200 -
::1 - - [13/Jul/2026 15:39:56] "GET /shared.js HTTP/1.1" 200 -
::1 - - [13/Jul/2026 15:39:56] "GET /upload.js HTTP/1.1" 200 -
::1 - - [13/Jul/2026 15:39:56] "GET /config.json HTTP/1.1" 200 -
::1 - - [13/Jul/2026 15:39:56] code 404, message File not found
::1 - - [13/Jul/2026 15:39:56] "GET /favicon.ico HTTP/1.1" 404 -
::1 - - [13/Jul/2026 15:41:37] "GET /index.html HTTP/1.1" 200 -
::1 - - [13/Jul/2026 15:41:37] "GET /style.css HTTP/1.1" 200 -
::1 - - [13/Jul/2026 15:41:37] "GET /nav.js HTTP/1.1" 200 -
::1 - - [13/Jul/2026 15:41:37] "GET /script.js HTTP/1.1" 200 -
::1 - - [13/Jul/2026 15:41:37] "GET /config.json HTTP/1.1" 200 -
::1 - - [13/Jul/2026 15:41:37] code 404, message File not found
::1 - - [13/Jul/2026 15:41:37] "GET /favicon.ico HTTP/1.1" 404 -
::1 - - [13/Jul/2026 15:51:11] "GET /config.json HTTP/1.1" 200 -
::1 - - [13/Jul/2026 15:54:47] "GET /config.json HTTP/1.1" 304 -
::1 - - [13/Jul/2026 15:55:59] "GET /config.json HTTP/1.1" 304 -
::1 - - [13/Jul/2026 15:59:33] "GET /config.json HTTP/1.1" 304 -
::1 - - [13/Jul/2026 16:03:00] "GET /index.html HTTP/1.1" 200 -
::1 - - [13/Jul/2026 16:03:00] "GET /style.css HTTP/1.1" 200 -
::1 - - [13/Jul/2026 16:03:00] "GET /nav.js HTTP/1.1" 200 -
::1 - - [13/Jul/2026 16:03:00] "GET /script.js HTTP/1.1" 200 -
::1 - - [13/Jul/2026 16:03:00] "GET /config.json HTTP/1.1" 200 -
::1 - - [13/Jul/2026 16:03:00] code 404, message File not found
::1 - - [13/Jul/2026 16:03:00] "GET /favicon.ico HTTP/1.1" 404 -
::1 - - [13/Jul/2026 16:07:48] "GET /upload.html HTTP/1.1" 200 -
::1 - - [13/Jul/2026 16:07:48] "GET /style.css HTTP/1.1" 200 -
::1 - - [13/Jul/2026 16:07:48] "GET /nav.js HTTP/1.1" 200 -
::1 - - [13/Jul/2026 16:07:48] "GET /shared.js HTTP/1.1" 200 -
::1 - - [13/Jul/2026 16:07:48] "GET /upload.js HTTP/1.1" 200 -
::1 - - [13/Jul/2026 16:07:48] "GET /config.json HTTP/1.1" 200 -
::1 - - [13/Jul/2026 16:07:48] code 404, message File not found
::1 - - [13/Jul/2026 16:07:48] "GET /favicon.ico HTTP/1.1" 404 -
